<?xml version="1.0" encoding="utf-8"?><testsuites><testsuite name="pytest" errors="0" failures="0" skipped="2" tests="77" time="5.512" timestamp="2026-03-01T16:38:00.700352+11:00" hostname="Andrews-MBP.modem"><testcase classname="tests.integration.test_dacp_logging_integration" name="test_dacp_logging_integration_full_flow" time="3.429" /><testcase classname="tests.integration.test_templates" name="test_template" time="0.000"><skipped type="pytest.skip" message="Integration tests designed to run as standalone script">/Users/andrewwhitehouse/Documents/src/oas-new/open-agent-spec/tests/integration/test_templates.py:42: Integration tests designed to run as standalone script</skipped></testcase><testcase classname="tests.integration.test_templates" name="test_tool_agent_specific" time="0.000"><skipped type="pytest.skip" message="Integration tests designed to run as standalone script">/Users/andrewwhitehouse/Documents/src/oas-new/open-agent-spec/tests/integration/test_templates.py:122: Integration tests designed to run as standalone script</skipped></testcase><testcase classname="tests.test_contract_validation.TestContractValidation" name="test_openai_valid_response" time="0.321" /><testcase classname="tests.test_contract_validation.TestContractValidation" name="test_claude_valid_response" time="0.281" /><testcase classname="tests.test_contract_validation.TestContractValidation" name="test_required_fields_validation" time="0.001" /><testcase classname="tests.test_contract_validation.TestContractValidation" name="test_type_validation" time="0.002" /><testcase classname="tests.test_contract_validation.TestContractValidation" name="test_confidence_level_bounds" time="0.001" /><testcase classname="tests.test_contract_validation.TestContractValidation" name="test_temperature_range_enforcement" time="0.000" /><testcase classname="tests.test_contract_validation.TestContractValidation" name="test_json_parsing_robustness" time="0.000" /><testcase classname="tests.test_contract_validation.TestMultiEngineCompatibility" name="test_response_format_consistency" time="0.001" /><testcase classname="tests.test_contract_validation.TestMultiEngineCompatibility" name="test_contract_decorator_compatibility" time="0.000" /><testcase classname="tests.test_cortex_integration.TestCortexEngineIntegration" name="test_cortex_engine_configuration" time="0.000" /><testcase classname="tests.test_cortex_integration.TestCortexEngineIntegration" name="test_cortex_agent_generation" time="0.000" /><testcase classname="tests.test_cortex_integration.TestCortexEngineIntegration" name="test_cortex_config_validation" time="0.000" /><testcase classname="tests.test_cortex_integration.TestCortexEngineIntegration" name="test_cortex_environment_variables" time="0.000" /><testcase classname="tests.test_cortex_integration.TestCortexEngineIntegration" name="test_cortex_layer3_configuration" time="0.000" /><testcase classname="tests.test_cortex_integration.TestCortexEngineIntegration" name="test_cortex_api_key_handling" time="0.000" /><testcase classname="tests.test_cortex_integration.TestCortexEngineIntegration" name="test_cortex_template_structure" time="0.017" /><testcase classname="tests.test_cortex_integration.TestCortexEngineCompatibility" name="test_cortex_with_dacp_integration" time="0.000" /><testcase classname="tests.test_cortex_integration.TestCortexEngineCompatibility" name="test_cortex_behavioral_contracts" time="0.000" /><testcase classname="tests.test_cortex_integration.TestCortexEngineCompatibility" name="test_cortex_multi_task_support" time="0.000" /><testcase classname="tests.test_custom_llm_router" name="test_custom_llm_router_integration" time="0.044" /><testcase classname="tests.test_custom_llm_router" name="test_custom_llm_router_error_handling" time="0.008" /><testcase classname="tests.test_custom_llm_router" name="test_custom_llm_router_missing_run_method" time="0.008" /><testcase classname="tests.test_enhanced_spec" name="test_enhanced_spec_validation" time="0.040" /><testcase classname="tests.test_enhanced_spec" name="test_enhanced_spec_generation" time="0.024" /><testcase classname="tests.test_enhanced_spec" name="test_schema_version" time="0.178" /><testcase classname="tests.test_enhanced_spec" name="test_agent_role_validation" time="0.141" /><testcase classname="tests.test_enhanced_spec" name="test_agent_description_required" time="0.013" /><testcase classname="tests.test_enhanced_spec" name="test_intelligence_config_validation" time="0.090" /><testcase classname="tests.test_enhanced_spec" name="test_intelligence_endpoint_validation" time="0.103" /><testcase classname="tests.test_enhanced_spec" name="test_tasks_schema_validation" time="0.065" /><testcase classname="tests.test_generators" name="test_to_pascal_case" time="0.000" /><testcase classname="tests.test_generators" name="test_generate_agent_code" time="0.009" /><testcase classname="tests.test_generators" name="test_generate_readme" time="0.001" /><testcase classname="tests.test_generators" name="test_generate_requirements" time="0.001" /><testcase classname="tests.test_generators" name="test_generate_env_example" time="0.001" /><testcase classname="tests.test_generators" name="test_generate_grok_requirements" time="0.001" /><testcase classname="tests.test_generators" name="test_generate_grok_env_example" time="0.001" /><testcase classname="tests.test_generators" name="test_generate_grok_agent_code" time="0.005" /><testcase classname="tests.test_generators" name="test_generate_prompt_template" time="0.001" /><testcase classname="tests.test_generators" name="test_generate_prompt_template_with_custom_prompt" time="0.001" /><testcase classname="tests.test_generators" name="test_generate_prompt_template_without_custom_prompt" time="0.001" /><testcase classname="tests.test_generators" name="test_generate_requirements_anthropic" time="0.002" /><testcase classname="tests.test_generators" name="test_generate_env_example_anthropic" time="0.001" /><testcase classname="tests.test_generators" name="test_generate_requirements_all_engines[openai]" time="0.001" /><testcase classname="tests.test_generators" name="test_generate_requirements_all_engines[anthropic]" time="0.001" /><testcase classname="tests.test_generators" name="test_generate_requirements_all_engines[local]" time="0.001" /><testcase classname="tests.test_generators" name="test_generate_requirements_all_engines[custom]" time="0.002" /><testcase classname="tests.test_generators" name="test_generate_env_example_all_engines[openai]" time="0.001" /><testcase classname="tests.test_generators" name="test_generate_env_example_all_engines[anthropic]" time="0.001" /><testcase classname="tests.test_generators" name="test_generate_env_example_all_engines[local]" time="0.001" /><testcase classname="tests.test_generators" name="test_generate_env_example_all_engines[custom]" time="0.001" /><testcase classname="tests.test_generators" name="test_generate_multi_step_task" time="0.004" /><testcase classname="tests.test_main" name="test_version_command" time="0.003" /><testcase classname="tests.test_main" name="test_version_flag" time="0.002" /><testcase classname="tests.test_main" name="test_init_with_directory_spec_returns_clean_error" time="0.003" /><testcase classname="tests.test_multi_engine.TestEngineCompatibility" name="test_response_parsing_consistency" time="0.000" /><testcase classname="tests.test_multi_engine.TestEngineCompatibility" name="test_json_extraction_robustness" time="0.000" /><testcase classname="tests.test_multi_engine.TestEngineCompatibility" name="test_openai_api_integration_mock" time="0.001" /><testcase classname="tests.test_multi_engine.TestEngineCompatibility" name="test_claude_api_integration_mock" time="0.001" /><testcase classname="tests.test_multi_engine.TestEngineCompatibility" name="test_grok_api_integration_mock" time="0.001" /><testcase classname="tests.test_multi_engine.TestEngineCompatibility" name="test_grok_engine_compatibility" time="0.000" /><testcase classname="tests.test_multi_engine.TestEngineCompatibility" name="test_temperature_consistency" time="0.000" /><testcase classname="tests.test_multi_engine.TestEngineCompatibility" name="test_error_handling_consistency" time="0.000" /><testcase classname="tests.test_multi_engine.TestContractEnforcement" name="test_required_fields_enforcement" time="0.001" /><testcase classname="tests.test_multi_engine.TestContractEnforcement" name="test_safety_check_simulation" time="0.000" /><testcase classname="tests.test_multi_engine.TestContractEnforcement" name="test_confidence_bounds_enforcement" time="0.002" /><testcase classname="tests.test_multi_engine.TestPerformanceConsistency" name="test_response_time_simulation" time="0.002" /><testcase classname="tests.test_multi_engine.TestPerformanceConsistency" name="test_token_usage_estimation" time="0.000" /><testcase classname="tests.test_public_api" name="test_validate_spec_returns_spec_data_and_names" time="0.011" /><testcase classname="tests.test_public_api" name="test_validate_spec_raises_on_missing_file" time="0.001" /><testcase classname="tests.test_public_api" name="test_validate_spec_raises_on_directory" time="0.000" /><testcase classname="tests.test_public_api" name="test_generate_raises_value_error_on_directory_spec" time="0.001" /><testcase classname="tests.test_public_api" name="test_generate_dry_run_does_not_write" time="0.011" /><testcase classname="tests.test_public_api" name="test_generate_writes_files" time="0.017" /></testsuite></testsuites>